**********************
Windows PowerShell transcript start
Start time: 20231030095238
Username: DESKTOP-QSKHE14\aswin
RunAs User: DESKTOP-QSKHE14\aswin
Configuration Name: 
Machine: DESKTOP-QSKHE14 (Microsoft Windows NT 10.0.22621.0)
Host Application: C:\WINDOWS\System32\WindowsPowerShell\v1.0\powershell.exe -noexit -command try { . "c:\Users\aswin\AppData\Local\Programs\Microsoft VS Code\resources\app\out\vs\workbench\contrib\terminal\browser\media\shellIntegration.ps1" } catch {}
Process ID: 21132
PSVersion: 5.1.22621.2428
PSEdition: Desktop
PSCompatibleVersions: 1.0, 2.0, 3.0, 4.0, 5.0, 5.1.22621.2428
BuildVersion: 10.0.22621.2428
CLRVersion: 4.0.30319.42000
WSManStackVersion: 3.0
PSRemotingProtocolVersion: 2.3
SerializationVersion: 1.1.0.1
**********************
Transcript started, output file is c:\Users\aswin\github-classroom\FPC-advanced\fpc-advanced-classroom-1st-year-assignment-hea7hen\set02\problem08_session.txt
]633;E;Start-Transcript -Path "c:\x5cUsers\x5caswin\x5cgithub-classroom\x5cFPC-advanced\x5cfpc-advanced-classroom-1st-year-assignment-hea7hen\x5cset02\x5cproblem08_session.txt";1ba3aa8a-7d89-438d-aca7-fe12a427917b]633;D;0]633;A]633;P;Cwd=C:\x5cUsers\x5caswin\x5cgithub-classroom\x5cFPC-advanced\x5cfpc-advanced-classroom-1st-year-assignment-hea7henPS C:\Users\aswin\github-classroom\FPC-advanced\fpc-advanced-classroom-1st-year-assignment-hea7hen> ]633;B
PS>git add .

]633;E;git add .;1ba3aa8a-7d89-438d-aca7-fe12a427917b]633;D;0]633;A]633;P;Cwd=C:\x5cUsers\x5caswin\x5cgithub-classroom\x5cFPC-advanced\x5cfpc-advanced-classroom-1st-year-assignment-hea7henPS C:\Users\aswin\github-classroom\FPC-advanced\fpc-advanced-classroom-1st-year-assignment-hea7hen> ]633;B
PS>git commit -m "committed 10/30/2023, 9:53:10 AM"
On branch main
Your branch is ahead of 'origin/main' by 1 commit.
  (use "git push" to publish your local commits)

nothing to commit, working tree clean
]633;E;git commit -m "committed 10/30/2023, 9:53:10 AM";1ba3aa8a-7d89-438d-aca7-fe12a427917b]633;D;1]633;A]633;P;Cwd=C:\x5cUsers\x5caswin\x5cgithub-classroom\x5cFPC-advanced\x5cfpc-advanced-classroom-1st-year-assignment-hea7henPS C:\Users\aswin\github-classroom\FPC-advanced\fpc-advanced-classroom-1st-year-assignment-hea7hen> ]633;B
PS>git push
error: failed to push some refs to 'https://github.com/FPC-advanced/fpc-advanced-classroom-1st-year-assignment-hea7hen.git'
]633;E;git push;1ba3aa8a-7d89-438d-aca7-fe12a427917b]633;D;1]633;A]633;P;Cwd=C:\x5cUsers\x5caswin\x5cgithub-classroom\x5cFPC-advanced\x5cfpc-advanced-classroom-1st-year-assignment-hea7henPS C:\Users\aswin\github-classroom\FPC-advanced\fpc-advanced-classroom-1st-year-assignment-hea7hen> ]633;B
PS>Stop-Transcript
**********************
Windows PowerShell transcript end
End time: 20231030102236
**********************
